// Jest Snapshot v1, https://goo.gl/fbAQLP

exports[`renders Homepage 1`] = `
<div>
  <div
    class="container"
  >
    <main
      class="main"
    >
      <h1
        class="title"
      >
        Red Tetris 
      </h1>
      <button
        class="MuiButton-root MuiButton-outlined MuiButton-outlinedPrimary MuiButton-sizeLarge MuiButton-outlinedSizeLarge MuiButtonBase-root enter css-9y1egq-MuiButtonBase-root-MuiButton-root"
        tabindex="0"
        type="button"
      >
        Enter
        <svg
          aria-hidden="true"
          class="MuiSvgIcon-root MuiSvgIcon-fontSizeMedium css-1ssr7ag-MuiSvgIcon-root"
          data-testid="LoginIcon"
          focusable="false"
          viewBox="0 0 24 24"
        >
          <path
            d="M11 7 9.6 8.4l2.6 2.6H2v2h10.2l-2.6 2.6L11 17l5-5-5-5zm9 12h-8v2h8c1.1 0 2-.9 2-2V5c0-1.1-.9-2-2-2h-8v2h8v14z"
          />
        </svg>
        <span
          class="MuiTouchRipple-root css-8je8zh-MuiTouchRipple-root"
        />
      </button>
    </main>
  </div>
</div>
`;
